// Jest Snapshot v1, https://goo.gl/fbAQLP

exports[`renders correctly 1`] = `
.c0 {
  display: -webkit-box;
  display: -webkit-flex;
  display: -ms-flexbox;
  display: flex;
  -webkit-flex-direction: row;
  -ms-flex-direction: row;
  flex-direction: row;
  -webkit-align-items: center;
  -webkit-box-align: center;
  -ms-flex-align: center;
  align-items: center;
  color: black;
  margin-bottom: 12px;
  font-size: 16px;
  font-weight: bold;
  border-bottom: 1px solid #aaa;
}

.c1 {
  width: 16px;
  margin-right: 6px;
}

<div>
  <div
    class="c0"
  >
    <img
      alt="warning"
      class="c1"
      src="test-file-stub"
    />
    Modal title
  </div>
</div>
`;
